// Jest Snapshot v1, https://goo.gl/fbAQLP

exports[`EntryReblogBtn (1) Render 1`] = `"<a class=\\"reblog-btn\\"><i class=\\"mi tooltip-handler\\">repeat</i></a>"`;
