// Jest Snapshot v1, https://goo.gl/fbAQLP

exports[`EntryVoters (1) Should render list prepared top 10 votes. Should show more text at bottom. 1`] = `"<div class=\\"voters-popover-content\\"><p><span class=\\"voter\\">esteemapp</span><span class=\\"percent\\">100.0</span><span class=\\"reward\\">$ 22.09</span></p><p><span class=\\"voter\\">good-karma</span><span class=\\"percent\\">100.0</span><span class=\\"reward\\">$ 9.17</span></p><p><span class=\\"voter\\">esteem.app</span><span class=\\"percent\\">100.0</span><span class=\\"reward\\">$ 2.62</span></p><p><span class=\\"voter\\">alexis555</span><span class=\\"percent\\">25.0</span><span class=\\"reward\\">$ 2.04</span></p><p><span class=\\"voter\\">fabien</span><span class=\\"percent\\">100.0</span><span class=\\"reward\\">$ 1.83</span></p><p><span class=\\"voter\\">cryptoctopus</span><span class=\\"percent\\">19.9</span><span class=\\"reward\\">$ 0.90</span></p><p><span class=\\"voter\\">dunsky</span><span class=\\"percent\\">100.0</span><span class=\\"reward\\">$ 0.53</span></p><p><span class=\\"voter\\">khanza.aulia</span><span class=\\"percent\\">100.0</span><span class=\\"reward\\">$ 0.33</span></p><p><span class=\\"voter\\">boxcarblue</span><span class=\\"percent\\">100.0</span><span class=\\"reward\\">$ 0.32</span></p><p><span class=\\"voter\\">yahialababidi</span><span class=\\"percent\\">100.0</span><span class=\\"reward\\">$ 0.22</span></p><p class=\\"more\\"><span>780 more</span></p></div>"`;

exports[`EntryVoters (2) Should not show more text at bottom.  1`] = `"<div class=\\"voters-popover-content\\"><p><span class=\\"voter\\">burhan786</span><span class=\\"percent\\">100.0</span><span class=\\"reward\\">$ 0.00</span></p><p><span class=\\"voter\\">goidt</span><span class=\\"percent\\">-100.0</span><span class=\\"reward\\">$ 0.00</span></p></div>"`;
