// Jest Snapshot v1, https://goo.gl/fbAQLP

exports[`VotersInfo (1) prepareVotes 1`] = `
Array [
  Object {
    "percent": 100,
    "reputation": 67,
    "reward": 0.3363498613806905,
    "rshares": "320761392333",
    "time": 2018-09-18T07:47:45.000Z,
    "voter": "kiwideb",
    "weight": 39674,
  },
  Object {
    "percent": 100,
    "reputation": 62,
    "reward": 0.23333463401580862,
    "rshares": "222520508197",
    "time": 2018-09-18T07:43:51.000Z,
    "voter": "frot",
    "weight": 2039,
  },
  Object {
    "percent": 100,
    "reputation": 65,
    "reward": 0.11448863259200961,
    "rshares": "109182542980",
    "time": 2018-09-18T07:52:54.000Z,
    "voter": "kiwiscanfly",
    "weight": 16052,
  },
  Object {
    "percent": 100,
    "reputation": 56,
    "reward": 0.08300704248004441,
    "rshares": "79159998491",
    "time": 2018-09-18T14:26:48.000Z,
    "voter": "camille1234",
    "weight": 37746,
  },
  Object {
    "percent": 100,
    "reputation": 65,
    "reward": 0.06588881792045405,
    "rshares": "62835135084",
    "time": 2018-09-18T07:48:36.000Z,
    "voter": "sift666",
    "weight": 4943,
  },
  Object {
    "percent": 100,
    "reputation": 49,
    "reward": 0.04104592712173051,
    "rshares": "39143612782",
    "time": 2018-09-18T07:43:45.000Z,
    "voter": "teamnz",
    "weight": 661,
  },
  Object {
    "percent": 33,
    "reputation": 59,
    "reward": 0.012274176592973656,
    "rshares": "11705317664",
    "time": 2018-09-18T13:28:48.000Z,
    "voter": "manorvillemike",
    "weight": 5581,
  },
  Object {
    "percent": 50,
    "reputation": 58,
    "reward": 0.011356687231465651,
    "rshares": "10830350260",
    "time": 2018-09-18T08:02:24.000Z,
    "voter": "palikari123",
    "weight": 3228,
  },
  Object {
    "percent": 100,
    "reputation": 54,
    "reward": 0.0046436129345925675,
    "rshares": "4428400072",
    "time": 2018-09-19T15:15:57.000Z,
    "voter": "froyoempire",
    "weight": 2112,
  },
  Object {
    "percent": 100,
    "reputation": 51,
    "reward": 0.0019113876948550588,
    "rshares": 1822802530,
    "time": 2018-09-18T07:48:03.000Z,
    "voter": "mg-nz",
    "weight": 127,
  },
  Object {
    "percent": 100,
    "reputation": 25,
    "reward": 0.0005795044116580298,
    "rshares": 552646703,
    "time": 2018-09-18T07:57:18.000Z,
    "voter": "forrestwalker",
    "weight": 119,
  },
  Object {
    "percent": 40,
    "reputation": 50,
    "reward": 0.000062180270516415,
    "rshares": 59298464,
    "time": 2018-09-18T07:52:12.000Z,
    "voter": "rabiagilani",
    "weight": 7,
  },
  Object {
    "percent": 33,
    "reputation": 3,
    "reward": 0.000057535353200994924,
    "rshares": 54868820,
    "time": 2018-09-18T07:43:45.000Z,
    "voter": "magic8ball",
    "weight": 24,
  },
]
`;
