// Jest Snapshot v1, https://goo.gl/fbAQLP

exports[`reducers post should handle initial state 1`] = `
Object {
  "groups": Object {},
  "posts": Object {},
}
`;
