// Jest Snapshot v1, https://goo.gl/fbAQLP

exports[`path reducer should handle initial state 1`] = `
Object {
  "cur": null,
  "prev": null,
}
`;
