// Jest Snapshot v1, https://goo.gl/fbAQLP

exports[`PinCreate (1) Render 1`] = `"<div intl=\\"[object Object]\\"></div>"`;
