// Jest Snapshot v1, https://goo.gl/fbAQLP

exports[`Settings (1) Render 1`] = `
"<div intl=\\"[object Object]\\"><div class=\\"settings-modal-content\\"><div class=\\"ant-row row\\"><div class=\\"ant-col-4 ant-col-offset-2 label-col\\"><span>Currency</span></div><div class=\\"ant-col-18 col\\"><div style=\\"width: 100%;\\" class=\\"ant-select ant-select-enabled\\"><div class=\\"ant-select-selection
            ant-select-selection--single\\" role=\\"combobox\\" aria-autocomplete=\\"list\\" aria-haspopup=\\"true\\" aria-expanded=\\"false\\" tabindex=\\"0\\"><div class=\\"ant-select-selection__rendered\\"><div class=\\"ant-select-selection-selected-value\\" title=\\"USD\\" style=\\"display: block; opacity: 1;\\">USD</div><div class=\\"ant-select-search ant-select-search--inline\\" style=\\"display: none;\\"><div class=\\"ant-select-search__field__wrap\\"><input autocomplete=\\"off\\" class=\\"ant-select-search__field\\" value=\\"\\"><span class=\\"ant-select-search__field__mirror\\">&nbsp;</span></div></div></div><span class=\\"ant-select-arrow\\" unselectable=\\"on\\"><b></b></span></div></div></div></div><div class=\\"ant-row row\\"><div class=\\"ant-col-4 ant-col-offset-2 label-col\\"><span>Language</span></div><div class=\\"ant-col-18 col\\"><div style=\\"width: 100%;\\" class=\\"ant-select ant-select-enabled\\"><div class=\\"ant-select-selection
            ant-select-selection--single\\" role=\\"combobox\\" aria-autocomplete=\\"list\\" aria-haspopup=\\"true\\" aria-expanded=\\"false\\" tabindex=\\"0\\"><div class=\\"ant-select-selection__rendered\\"><div class=\\"ant-select-selection-selected-value\\" title=\\"English\\" style=\\"display: block; opacity: 1;\\">English</div><div class=\\"ant-select-search ant-select-search--inline\\" style=\\"display: none;\\"><div class=\\"ant-select-search__field__wrap\\"><input autocomplete=\\"off\\" class=\\"ant-select-search__field\\" value=\\"\\"><span class=\\"ant-select-search__field__mirror\\">&nbsp;</span></div></div></div><span class=\\"ant-select-arrow\\" unselectable=\\"on\\"><b></b></span></div></div></div></div><div class=\\"ant-row row\\"><div class=\\"ant-col-4 ant-col-offset-2 label-col\\"><span>Server</span></div><div class=\\"ant-col-18 col\\"><span class=\\"serverAddress\\">https://api.steemit.com</span><button id=\\"btn-toggle-servers\\" type=\\"button\\" class=\\"ant-btn ant-btn-primary ant-btn-circle ant-btn-sm\\"><i class=\\"mi\\">edit</i></button></div></div><div class=\\"ant-row row\\"><div class=\\"ant-col-18 ant-col-offset-6 col\\"><span class=\\"push-switch ant-switch ant-switch-checked\\" tabindex=\\"0\\"><span class=\\"ant-switch-inner\\"></span></span><span>Push Notifications</span></div></div></div></div>"
`;
